===== System Report: Mon Mar  9 04:07:01 PM UTC 2026 =====
-- Uptime --
 16:07:01 up 50 min,  1 user,  load average: 0.43, 1.00, 0.93
-- Memory Usage --
               total        used        free      shared  buff/cache   available
Mem:           3.8Gi       3.0Gi       110Mi       533Mi       1.1Gi       770Mi
Swap:             0B          0B          0B
-- Disk Usage --
Filesystem      Size  Used Avail Use% Mounted on
tmpfs           387M  2.3M  385M   1% /run
/dev/sr1        6.2G  6.2G     0 100% /cdrom
/cow            1.9G  492M  1.5G  26% /
tmpfs           1.9G  8.0K  1.9G   1% /dev/shm
tmpfs           5.0M  8.0K  5.0M   1% /run/lock
tmpfs           1.9G  9.5M  1.9G   1% /tmp
tmpfs           387M  164K  387M   1% /run/user/1000

===== System Report: Mon Mar  9 04:08:01 PM UTC 2026 =====
-- Uptime --
 16:08:01 up 51 min,  1 user,  load average: 0.16, 0.81, 0.87
-- Memory Usage --
               total        used        free      shared  buff/cache   available
Mem:           3.8Gi       3.0Gi       109Mi       533Mi       1.1Gi       772Mi
Swap:             0B          0B          0B
-- Disk Usage --
Filesystem      Size  Used Avail Use% Mounted on
tmpfs           387M  2.3M  385M   1% /run
/dev/sr1        6.2G  6.2G     0 100% /cdrom
/cow            1.9G  492M  1.5G  26% /
tmpfs           1.9G  8.0K  1.9G   1% /dev/shm
tmpfs           5.0M  8.0K  5.0M   1% /run/lock
tmpfs           1.9G  9.5M  1.9G   1% /tmp
tmpfs           387M  164K  387M   1% /run/user/1000

===== System Report: Mon Mar  9 04:09:01 PM UTC 2026 =====
-- Uptime --
 16:09:01 up 52 min,  1 user,  load average: 0.06, 0.66, 0.81
-- Memory Usage --
               total        used        free      shared  buff/cache   available
Mem:           3.8Gi       3.0Gi       106Mi       533Mi       1.1Gi       765Mi
Swap:             0B          0B          0B
-- Disk Usage --
Filesystem      Size  Used Avail Use% Mounted on
tmpfs           387M  2.3M  385M   1% /run
/dev/sr1        6.2G  6.2G     0 100% /cdrom
/cow            1.9G  492M  1.5G  26% /
tmpfs           1.9G  8.0K  1.9G   1% /dev/shm
tmpfs           5.0M  8.0K  5.0M   1% /run/lock
tmpfs           1.9G  9.5M  1.9G   1% /tmp
tmpfs           387M  164K  387M   1% /run/user/1000

===== System Report: Mon Mar  9 04:10:01 PM UTC 2026 =====
-- Uptime --
 16:10:01 up 53 min,  1 user,  load average: 0.11, 0.57, 0.77
-- Memory Usage --
               total        used        free      shared  buff/cache   available
Mem:           3.8Gi       3.0Gi       112Mi       533Mi       1.1Gi       767Mi
Swap:             0B          0B          0B
-- Disk Usage --
Filesystem      Size  Used Avail Use% Mounted on
tmpfs           387M  2.3M  385M   1% /run
/dev/sr1        6.2G  6.2G     0 100% /cdrom
/cow            1.9G  492M  1.5G  26% /
tmpfs           1.9G  8.0K  1.9G   1% /dev/shm
tmpfs           5.0M  8.0K  5.0M   1% /run/lock
tmpfs           1.9G  9.5M  1.9G   1% /tmp
tmpfs           387M  164K  387M   1% /run/user/1000

===== System Report: Mon Mar  9 04:11:01 PM UTC 2026 =====
-- Uptime --
 16:11:01 up 54 min,  1 user,  load average: 0.07, 0.48, 0.73
-- Memory Usage --
               total        used        free      shared  buff/cache   available
Mem:           3.8Gi       3.0Gi       112Mi       533Mi       1.1Gi       769Mi
Swap:             0B          0B          0B
-- Disk Usage --
Filesystem      Size  Used Avail Use% Mounted on
tmpfs           387M  2.3M  385M   1% /run
/dev/sr1        6.2G  6.2G     0 100% /cdrom
/cow            1.9G  492M  1.5G  26% /
tmpfs           1.9G  8.0K  1.9G   1% /dev/shm
tmpfs           5.0M  8.0K  5.0M   1% /run/lock
tmpfs           1.9G  9.5M  1.9G   1% /tmp
tmpfs           387M  164K  387M   1% /run/user/1000

===== System Report: Mon Mar  9 04:12:01 PM UTC 2026 =====
-- Uptime --
 16:12:01 up 55 min,  1 user,  load average: 0.25, 0.46, 0.71
-- Memory Usage --
               total        used        free      shared  buff/cache   available
Mem:           3.8Gi       3.1Gi       103Mi       534Mi       1.1Gi       735Mi
Swap:             0B          0B          0B
-- Disk Usage --
Filesystem      Size  Used Avail Use% Mounted on
tmpfs           387M  2.3M  385M   1% /run
/dev/sr1        6.2G  6.2G     0 100% /cdrom
/cow            1.9G  492M  1.5G  26% /
tmpfs           1.9G  8.0K  1.9G   1% /dev/shm
tmpfs           5.0M  8.0K  5.0M   1% /run/lock
tmpfs           1.9G  9.5M  1.9G   1% /tmp
tmpfs           387M  164K  387M   1% /run/user/1000

===== System Report: Mon Mar  9 04:13:01 PM UTC 2026 =====
-- Uptime --
 16:13:01 up 56 min,  1 user,  load average: 0.09, 0.38, 0.66
-- Memory Usage --
               total        used        free      shared  buff/cache   available
Mem:           3.8Gi       3.0Gi       117Mi       534Mi       1.1Gi       750Mi
Swap:             0B          0B          0B
-- Disk Usage --
Filesystem      Size  Used Avail Use% Mounted on
tmpfs           387M  2.3M  385M   1% /run
/dev/sr1        6.2G  6.2G     0 100% /cdrom
/cow            1.9G  492M  1.5G  26% /
tmpfs           1.9G  8.0K  1.9G   1% /dev/shm
tmpfs           5.0M  8.0K  5.0M   1% /run/lock
tmpfs           1.9G  9.5M  1.9G   1% /tmp
tmpfs           387M  164K  387M   1% /run/user/1000

===== System Report: Mon Mar  9 04:14:01 PM UTC 2026 =====
-- Uptime --
 16:14:01 up 57 min,  1 user,  load average: 0.27, 0.38, 0.64
-- Memory Usage --
               total        used        free      shared  buff/cache   available
Mem:           3.8Gi       3.0Gi       116Mi       534Mi       1.1Gi       752Mi
Swap:             0B          0B          0B
-- Disk Usage --
Filesystem      Size  Used Avail Use% Mounted on
tmpfs           387M  2.3M  385M   1% /run
/dev/sr1        6.2G  6.2G     0 100% /cdrom
/cow            1.9G  492M  1.5G  26% /
tmpfs           1.9G  8.0K  1.9G   1% /dev/shm
tmpfs           5.0M  8.0K  5.0M   1% /run/lock
tmpfs           1.9G  9.5M  1.9G   1% /tmp
tmpfs           387M  164K  387M   1% /run/user/1000

===== System Report: Mon Mar  9 04:15:01 PM UTC 2026 =====
-- Uptime --
 16:15:01 up 58 min,  1 user,  load average: 0.10, 0.31, 0.60
-- Memory Usage --
               total        used        free      shared  buff/cache   available
Mem:           3.8Gi       3.0Gi       117Mi       534Mi       1.1Gi       780Mi
Swap:             0B          0B          0B
-- Disk Usage --
Filesystem      Size  Used Avail Use% Mounted on
tmpfs           387M  2.3M  385M   1% /run
/dev/sr1        6.2G  6.2G     0 100% /cdrom
/cow            1.9G  493M  1.5G  26% /
tmpfs           1.9G  8.0K  1.9G   1% /dev/shm
tmpfs           5.0M  8.0K  5.0M   1% /run/lock
tmpfs           1.9G  9.5M  1.9G   1% /tmp
tmpfs           387M  164K  387M   1% /run/user/1000

===== System Report: Mon Mar  9 04:16:01 PM UTC 2026 =====
-- Uptime --
 16:16:01 up 59 min,  1 user,  load average: 0.26, 0.31, 0.58
-- Memory Usage --
               total        used        free      shared  buff/cache   available
Mem:           3.8Gi       3.1Gi       229Mi       575Mi       1.1Gi       707Mi
Swap:             0B          0B          0B
-- Disk Usage --
Filesystem      Size  Used Avail Use% Mounted on
tmpfs           387M  2.3M  385M   1% /run
/dev/sr1        6.2G  6.2G     0 100% /cdrom
/cow            1.9G  533M  1.4G  28% /
tmpfs           1.9G  8.0K  1.9G   1% /dev/shm
tmpfs           5.0M  8.0K  5.0M   1% /run/lock
tmpfs           1.9G  9.5M  1.9G   1% /tmp
tmpfs           387M  164K  387M   1% /run/user/1000

===== System Report: Mon Mar  9 04:17:01 PM UTC 2026 =====
-- Uptime --
 16:17:01 up  1:00,  1 user,  load average: 0.42, 0.37, 0.59
-- Memory Usage --
               total        used        free      shared  buff/cache   available
Mem:           3.8Gi       3.2Gi       254Mi       751Mi       1.1Gi       561Mi
Swap:             0B          0B          0B
-- Disk Usage --
Filesystem      Size  Used Avail Use% Mounted on
tmpfs           387M  2.3M  385M   1% /run
/dev/sr1        6.2G  6.2G     0 100% /cdrom
/cow            1.9G  709M  1.2G  37% /
tmpfs           1.9G  8.0K  1.9G   1% /dev/shm
tmpfs           5.0M  8.0K  5.0M   1% /run/lock
tmpfs           1.9G  9.5M  1.9G   1% /tmp
tmpfs           387M  164K  387M   1% /run/user/1000

===== System Report: Mon Mar  9 04:18:01 PM UTC 2026 =====
-- Uptime --
 16:18:01 up  1:01,  1 user,  load average: 0.15, 0.30, 0.54
-- Memory Usage --
               total        used        free      shared  buff/cache   available
Mem:           3.8Gi       3.2Gi       234Mi       751Mi       1.1Gi       577Mi
Swap:             0B          0B          0B
-- Disk Usage --
Filesystem      Size  Used Avail Use% Mounted on
tmpfs           387M  2.3M  385M   1% /run
/dev/sr1        6.2G  6.2G     0 100% /cdrom
/cow            1.9G  709M  1.2G  37% /
tmpfs           1.9G  8.0K  1.9G   1% /dev/shm
tmpfs           5.0M  8.0K  5.0M   1% /run/lock
tmpfs           1.9G  9.5M  1.9G   1% /tmp
tmpfs           387M  164K  387M   1% /run/user/1000

===== System Report: Mon Mar  9 04:19:01 PM UTC 2026 =====
-- Uptime --
 16:19:01 up  1:02,  1 user,  load average: 0.59, 0.38, 0.56
-- Memory Usage --
               total        used        free      shared  buff/cache   available
Mem:           3.8Gi       3.2Gi       219Mi       751Mi       1.2Gi       574Mi
Swap:             0B          0B          0B
-- Disk Usage --
Filesystem      Size  Used Avail Use% Mounted on
tmpfs           387M  2.3M  385M   1% /run
/dev/sr1        6.2G  6.2G     0 100% /cdrom
/cow            1.9G  709M  1.2G  37% /
tmpfs           1.9G  8.0K  1.9G   1% /dev/shm
tmpfs           5.0M  8.0K  5.0M   1% /run/lock
tmpfs           1.9G  9.5M  1.9G   1% /tmp
tmpfs           387M  164K  387M   1% /run/user/1000

===== System Report: Mon Mar  9 04:20:01 PM UTC 2026 =====
-- Uptime --
 16:20:01 up  1:03,  1 user,  load average: 0.21, 0.31, 0.52
-- Memory Usage --
               total        used        free      shared  buff/cache   available
Mem:           3.8Gi       3.2Gi       169Mi       751Mi       1.2Gi       574Mi
Swap:             0B          0B          0B
-- Disk Usage --
Filesystem      Size  Used Avail Use% Mounted on
tmpfs           387M  2.3M  385M   1% /run
/dev/sr1        6.2G  6.2G     0 100% /cdrom
/cow            1.9G  709M  1.2G  37% /
tmpfs           1.9G  8.0K  1.9G   1% /dev/shm
tmpfs           5.0M  8.0K  5.0M   1% /run/lock
tmpfs           1.9G  9.5M  1.9G   1% /tmp
tmpfs           387M  164K  387M   1% /run/user/1000

===== System Report: Mon Mar  9 04:21:01 PM UTC 2026 =====
-- Uptime --
 16:21:01 up  1:04,  1 user,  load average: 0.08, 0.25, 0.48
-- Memory Usage --
               total        used        free      shared  buff/cache   available
Mem:           3.8Gi       3.2Gi       141Mi       753Mi       1.2Gi       554Mi
Swap:             0B          0B          0B
-- Disk Usage --
Filesystem      Size  Used Avail Use% Mounted on
tmpfs           387M  2.3M  385M   1% /run
/dev/sr1        6.2G  6.2G     0 100% /cdrom
/cow            1.9G  709M  1.2G  37% /
tmpfs           1.9G  8.0K  1.9G   1% /dev/shm
tmpfs           5.0M  8.0K  5.0M   1% /run/lock
tmpfs           1.9G  9.5M  1.9G   1% /tmp
tmpfs           387M  164K  387M   1% /run/user/1000

===== System Report: Mon Mar  9 04:22:01 PM UTC 2026 =====
-- Uptime --
 16:22:01 up  1:05,  1 user,  load average: 0.14, 0.25, 0.47
-- Memory Usage --
               total        used        free      shared  buff/cache   available
Mem:           3.8Gi       3.2Gi       129Mi       750Mi       1.2Gi       545Mi
Swap:             0B          0B          0B
-- Disk Usage --
Filesystem      Size  Used Avail Use% Mounted on
tmpfs           387M  2.3M  385M   1% /run
/dev/sr1        6.2G  6.2G     0 100% /cdrom
/cow            1.9G  709M  1.2G  37% /
tmpfs           1.9G  8.0K  1.9G   1% /dev/shm
tmpfs           5.0M  8.0K  5.0M   1% /run/lock
tmpfs           1.9G  9.5M  1.9G   1% /tmp
tmpfs           387M  164K  387M   1% /run/user/1000

===== System Report: Mon Mar  9 04:23:02 PM UTC 2026 =====
-- Uptime --
 16:23:02 up  1:06,  1 user,  load average: 0.68, 0.39, 0.50
-- Memory Usage --
               total        used        free      shared  buff/cache   available
Mem:           3.8Gi       3.2Gi       130Mi       753Mi       1.2Gi       548Mi
Swap:             0B          0B          0B
-- Disk Usage --
Filesystem      Size  Used Avail Use% Mounted on
tmpfs           387M  2.3M  385M   1% /run
/dev/sr1        6.2G  6.2G     0 100% /cdrom
/cow            1.9G  709M  1.2G  37% /
tmpfs           1.9G  8.0K  1.9G   1% /dev/shm
tmpfs           5.0M  8.0K  5.0M   1% /run/lock
tmpfs           1.9G  9.5M  1.9G   1% /tmp
tmpfs           387M  164K  387M   1% /run/user/1000

===== System Report: Mon Mar  9 04:24:01 PM UTC 2026 =====
-- Uptime --
 16:24:01 up  1:07,  1 user,  load average: 0.65, 0.45, 0.52
-- Memory Usage --
               total        used        free      shared  buff/cache   available
Mem:           3.8Gi       3.3Gi       106Mi       753Mi       1.2Gi       517Mi
Swap:             0B          0B          0B
-- Disk Usage --
Filesystem      Size  Used Avail Use% Mounted on
tmpfs           387M  2.3M  385M   1% /run
/dev/sr1        6.2G  6.2G     0 100% /cdrom
/cow            1.9G  710M  1.2G  37% /
tmpfs           1.9G  8.0K  1.9G   1% /dev/shm
tmpfs           5.0M  8.0K  5.0M   1% /run/lock
tmpfs           1.9G  9.5M  1.9G   1% /tmp
tmpfs           387M  164K  387M   1% /run/user/1000

